// Jest Snapshot v1, https://goo.gl/fbAQLP

exports[`CheckoutSteps tests Renders <CheckoutSteps /> component correctly 1`] = `ShallowWrapper {}`;
