// Jest Snapshot v1, https://goo.gl/fbAQLP

exports[`Footer tests Renders <Footer /> component correctly 1`] = `ShallowWrapper {}`;
