// Jest Snapshot v1, https://goo.gl/fbAQLP

exports[`Form container tests Renders <FormContainer /> component correctly 1`] = `ShallowWrapper {}`;
