// Jest Snapshot v1, https://goo.gl/fbAQLP

exports[`Message tests Renders <Message /> component correctly 1`] = `ShallowWrapper {}`;
