// Jest Snapshot v1, https://goo.gl/fbAQLP

exports[`Not Found tests Renders <NotFound /> component correctly 1`] = `ShallowWrapper {}`;
