// Jest Snapshot v1, https://goo.gl/fbAQLP

exports[`Paginate tests Renders <Paginate /> component correctly 1`] = `ShallowWrapper {}`;
