// Jest Snapshot v1, https://goo.gl/fbAQLP

exports[`Product tests Renders <Product /> component correctly 1`] = `ShallowWrapper {}`;
