// Jest Snapshot v1, https://goo.gl/fbAQLP

exports[`Rating tests Renders <Rating /> component correctly 1`] = `ShallowWrapper {}`;
