// Jest Snapshot v1, https://goo.gl/fbAQLP

exports[`ScrollToTop tests Renders <ScrollToTop /> component correctly 1`] = `ShallowWrapper {}`;
