// Jest Snapshot v1, https://goo.gl/fbAQLP

exports[`SearchBox tests Renders <SearchBox /> component correctly 1`] = `ShallowWrapper {}`;
