// Jest Snapshot v1, https://goo.gl/fbAQLP

exports[`Spinner tests Renders <Spinner /> component correctly 1`] = `ShallowWrapper {}`;
