// Jest Snapshot v1, https://goo.gl/fbAQLP

exports[`<AdminPanel /> Renders <AdminPanel /> component correctly 1`] = `ShallowWrapper {}`;
