// Jest Snapshot v1, https://goo.gl/fbAQLP

exports[`<CartPage /> Renders <CartPage /> component correctly 1`] = `ShallowWrapper {}`;
