// Jest Snapshot v1, https://goo.gl/fbAQLP

exports[`<ContactPage /> Renders <ContactPage /> component correctly 1`] = `ShallowWrapper {}`;
