// Jest Snapshot v1, https://goo.gl/fbAQLP

exports[`<DashboardPage /> Renders <DashboardPage /> component correctly 1`] = `ShallowWrapper {}`;
