// Jest Snapshot v1, https://goo.gl/fbAQLP

exports[`<HomePage /> Renders <HomePage /> component correctly 1`] = `ShallowWrapper {}`;
