// Jest Snapshot v1, https://goo.gl/fbAQLP

exports[`<LoginPage /> Renders <LoginPage /> component correctly 1`] = `ShallowWrapper {}`;
