// Jest Snapshot v1, https://goo.gl/fbAQLP

exports[`<OrderPage /> Renders <OrderPage /> component correctly 1`] = `ShallowWrapper {}`;
