// Jest Snapshot v1, https://goo.gl/fbAQLP

exports[`<OrderListPage /> Renders <OrderListPage /> component correctly 1`] = `ShallowWrapper {}`;
