// Jest Snapshot v1, https://goo.gl/fbAQLP

exports[`<PaymentPage /> Renders <PaymentPage /> component correctly 1`] = `ShallowWrapper {}`;
