// Jest Snapshot v1, https://goo.gl/fbAQLP

exports[`<PlaceOrderPage /> Renders <PlaceOrderPage /> component correctly 1`] = `ShallowWrapper {}`;
