// Jest Snapshot v1, https://goo.gl/fbAQLP

exports[`<ProductPage /> Renders <ProductPage /> component correctly 1`] = `ShallowWrapper {}`;
