// Jest Snapshot v1, https://goo.gl/fbAQLP

exports[`<ProductEditPage /> Renders <ProductEditPage /> component correctly 1`] = `ShallowWrapper {}`;
