// Jest Snapshot v1, https://goo.gl/fbAQLP

exports[`<ProductListPage /> Renders <ProductListPage /> component correctly 1`] = `ShallowWrapper {}`;
