// Jest Snapshot v1, https://goo.gl/fbAQLP

exports[`<RegisterPage /> Renders <RegisterPage /> component correctly 1`] = `ShallowWrapper {}`;
