// Jest Snapshot v1, https://goo.gl/fbAQLP

exports[`<ShippingPage /> Renders <ShippingPage /> component correctly 1`] = `ShallowWrapper {}`;
