// Jest Snapshot v1, https://goo.gl/fbAQLP

exports[`<ShopPage /> Renders <ShopPage /> component correctly 1`] = `ShallowWrapper {}`;
