// Jest Snapshot v1, https://goo.gl/fbAQLP

exports[`<UserEditPage /> Renders <UserEditPage /> component correctly 1`] = `ShallowWrapper {}`;
