// Jest Snapshot v1, https://goo.gl/fbAQLP

exports[`<UserListPage /> Renders <UserListPage /> component correctly 1`] = `ShallowWrapper {}`;
